error: enum has variants that are not supported by this trait
 --> tests/ui/missing_discriminant.rs:5:10
  |
3 | #[derive(Clone, Copy, IntEnum)]
  |                       ------- in this derive macro expansion
4 | #[repr(u8)]
5 | pub enum MissingDiscriminant {
  |          ^^^^^^^^^^^^^^^^^^^
  |
warning: missing discriminant
 --> tests/ui/missing_discriminant.rs:7:19
  |
7 |     NoDiscriminant,
  |                   ^
  = note: this error originates in the derive macro `IntEnum` (in Nightly builds, run with -Z macro-backtrace for more info)
